INFO:     Will watch for changes in these directories: ['F:\\MY FILES\\DATA SCIENCE\\UCMB DQA\\ucmb-dqa-platform\\backend']
INFO:     Uvicorn running on http://127.0.0.1:8000 (Press CTRL+C to quit)
INFO:     Started reloader process [5548] using WatchFiles
INFO:     Started server process [13388]
INFO:     Waiting for application startup.
INFO:     Application startup complete.
WARNING:  WatchFiles detected changes in 'app\schemas\dhis2.py'. Reloading...
INFO:     Shutting down
INFO:     Waiting for application shutdown.
INFO:     Application shutdown complete.
INFO:     Finished server process [13388]
WARNING:  WatchFiles detected changes in 'app\routers\dhis2.py', 'app\services\dhis2_service.py'. Reloading...
F:\MY FILES\DATA SCIENCE\UCMB DQA\ucmb-dqa-platform\backend\.venv\Lib\site-packages\uvicorn\_subprocess.py:84: RuntimeWarning: coroutine 'Server.serve' was never awaited
  pass
RuntimeWarning: Enable tracemalloc to get the object allocation traceback
INFO:     Started server process [9200]
INFO:     Waiting for application startup.
INFO:     Application startup complete.
WARNING:  WatchFiles detected changes in 'tests\test_master_correction_workflow.py'. Reloading...
INFO:     Shutting down
INFO:     Waiting for application shutdown.
INFO:     Application shutdown complete.
INFO:     Finished server process [9200]
INFO:     Started server process [7644]
INFO:     Waiting for application startup.
INFO:     Application startup complete.
WARNING:  WatchFiles detected changes in 'app\config.py'. Reloading...
INFO:     Shutting down
INFO:     Waiting for application shutdown.
INFO:     Application shutdown complete.
INFO:     Finished server process [7644]
WARNING:  WatchFiles detected changes in 'app\services\dhis2_service.py'. Reloading...
F:\MY FILES\DATA SCIENCE\UCMB DQA\ucmb-dqa-platform\backend\.venv\Lib\site-packages\uvicorn\_subprocess.py:84: RuntimeWarning: coroutine 'Server.serve' was never awaited
  pass
RuntimeWarning: Enable tracemalloc to get the object allocation traceback
INFO:     Started server process [7112]
INFO:     Waiting for application startup.
INFO:     Application startup complete.
WARNING:  WatchFiles detected changes in 'app\models\assessment_facility.py'. Reloading...
INFO:     Shutting down
INFO:     Waiting for application shutdown.
INFO:     Application shutdown complete.
INFO:     Finished server process [7112]
WARNING:  WatchFiles detected changes in 'app\services\dqa_value_service.py', 'app\routers\assessment_workspace.py', 'alembic\versions\0009_assessment_facility_general_comment.py', 'app\services\sync_service.py', 'app\schemas\assessment_workspace.py', 'app\schemas\assessment_round.py', 'app\routers\dqa_values.py'. Reloading...
Exception ignored in: <function BaseEventLoop.__del__ at 0x000001E988E76840>
Traceback (most recent call last):
  File "C:\Users\USER\AppData\Local\Programs\Python\Python312\Lib\asyncio\base_events.py", line 726, in __del__
    self.close()
  File "C:\Users\USER\AppData\Local\Programs\Python\Python312\Lib\asyncio\selector_events.py", line 104, in close
    self._close_self_pipe()
  File "C:\Users\USER\AppData\Local\Programs\Python\Python312\Lib\asyncio\selector_events.py", line 111, in _close_self_pipe
    self._remove_reader(self._ssock.fileno())
                        ^^^^^^^^^^^
AttributeError: '_WindowsSelectorEventLoop' object has no attribute '_ssock'
F:\MY FILES\DATA SCIENCE\UCMB DQA\ucmb-dqa-platform\backend\.venv\Lib\site-packages\uvicorn\_subprocess.py:84: RuntimeWarning: coroutine 'Server.serve' was never awaited
  pass
RuntimeWarning: Enable tracemalloc to get the object allocation traceback
INFO:     Started server process [6772]
INFO:     Waiting for application startup.
INFO:     Application startup complete.
WARNING:  WatchFiles detected changes in 'app\services\assessment_round_service.py'. Reloading...
INFO:     Shutting down
INFO:     Waiting for application shutdown.
INFO:     Application shutdown complete.
INFO:     Finished server process [6772]
INFO:     Started server process [21036]
INFO:     Waiting for application startup.
INFO:     Application startup complete.
WARNING:  WatchFiles detected changes in 'tests\test_assessment_workspace.py'. Reloading...
INFO:     Shutting down
INFO:     Waiting for application shutdown.
INFO:     Application shutdown complete.
INFO:     Finished server process [21036]
INFO:     Started server process [20868]
INFO:     Waiting for application startup.
INFO:     Application startup complete.
WARNING:  WatchFiles detected changes in 'app\services\assessment_round_service.py', 'app\schemas\assessment_round.py'. Reloading...
INFO:     Shutting down
INFO:     Waiting for application shutdown.
INFO:     Application shutdown complete.
INFO:     Finished server process [20868]
INFO:     Started server process [20240]
INFO:     Waiting for application startup.
INFO:     Application startup complete.
WARNING:  WatchFiles detected changes in 'app\services\assessment_round_service.py'. Reloading...
INFO:     Shutting down
INFO:     Waiting for application shutdown.
INFO:     Application shutdown complete.
INFO:     Finished server process [20240]
INFO:     Started server process [19272]
INFO:     Waiting for application startup.
INFO:     Application startup complete.
WARNING:  WatchFiles detected changes in 'tests\test_assessment_rounds.py'. Reloading...
INFO:     Shutting down
INFO:     Waiting for application shutdown.
INFO:     Application shutdown complete.
INFO:     Finished server process [19272]
INFO:     Started server process [24120]
INFO:     Waiting for application startup.
INFO:     Application startup complete.
