
> ucmb-dqa-platform-frontend@0.6.0 dev
> vite --host 127.0.0.1


  [32m[1mVITE[22m v5.4.21[39m  [2mready in [0m[1m1179[22m[2m[0m ms[22m

  [32m➜[39m  [1mLocal[22m:   [36mhttp://127.0.0.1:[1m5173[22m/[39m
[2m12:14:58[22m [36m[1m[vite][22m[39m [32mpage reload [39m[2msrc/types/index.ts[22m
[2m12:15:05[22m [36m[1m[vite][22m[39m [32mhmr update [39m[2m/src/index.css, /src/pages/SettingsPage.tsx, /src/pages/AssessmentWorkspacePage.tsx, /src/pages/FacilitiesPage.tsx, /src/pages/IndicatorLibraryPage.tsx[22m
[2m12:15:49[22m [36m[1m[vite][22m[39m [32mhmr update [39m[2m/src/pages/SettingsPage.tsx, /src/index.css[22m
[2m12:16:17[22m [36m[1m[vite][22m[39m [32mhmr update [39m[2m/src/pages/SettingsPage.tsx, /src/index.css[22m
[2m15:59:40[22m [36m[1m[vite][22m[39m [32mpage reload [39m[2msrc/types/index.ts[22m
[2m15:59:52[22m [36m[1m[vite][22m[39m [32mhmr update [39m[2m/src/index.css, /src/pages/AssessmentWorkspacePage.tsx[22m
[2m16:00:00[22m [36m[1m[vite][22m[39m [32mhmr update [39m[2m/src/index.css, /src/pages/AssessmentWorkspacePage.tsx[22m
[2m16:00:08[22m [36m[1m[vite][22m[39m [32mhmr update [39m[2m/src/index.css, /src/pages/AssessmentWorkspacePage.tsx[22m
[2m16:00:17[22m [36m[1m[vite][22m[39m [32mhmr update [39m[2m/src/index.css, /src/pages/SettingsPage.tsx, /src/pages/AssessmentWorkspacePage.tsx, /src/pages/FacilitiesPage.tsx, /src/pages/IndicatorLibraryPage.tsx[22m
[2m16:02:08[22m [36m[1m[vite][22m[39m [32mhmr update [39m[2m/src/components/assessment/AssessmentValueTable.tsx, /src/index.css[22m
[2m16:02:51[22m [36m[1m[vite][22m[39m [32mhmr update [39m[2m/src/components/assessment/AssessmentValueTable.tsx[22m
[2m16:03:40[22m [36m[1m[vite][22m[39m [32mhmr update [39m[2m/src/pages/AssessmentWorkspacePage.tsx, /src/index.css[22m
[2m16:03:50[22m [36m[1m[vite][22m[39m [32mhmr update [39m[2m/src/pages/AssessmentWorkspacePage.tsx, /src/index.css[22m
[2m16:03:58[22m [36m[1m[vite][22m[39m [32mhmr update [39m[2m/src/pages/AssessmentWorkspacePage.tsx, /src/index.css[22m
[2m16:04:04[22m [36m[1m[vite][22m[39m [32mhmr update [39m[2m/src/pages/AssessmentWorkspacePage.tsx, /src/index.css[22m
[2m16:04:12[22m [36m[1m[vite][22m[39m [32mhmr update [39m[2m/src/pages/AssessmentWorkspacePage.tsx, /src/index.css[22m
[2m16:04:21[22m [36m[1m[vite][22m[39m [32mhmr update [39m[2m/src/pages/AssessmentWorkspacePage.tsx, /src/index.css[22m
[2m16:04:41[22m [36m[1m[vite][22m[39m [32mhmr update [39m[2m/src/pages/AssessmentWorkspacePage.tsx, /src/index.css[22m
[2m16:04:48[22m [36m[1m[vite][22m[39m [32mhmr update [39m[2m/src/pages/AssessmentWorkspacePage.tsx, /src/index.css[22m
[2m16:05:32[22m [36m[1m[vite][22m[39m [32mhmr update [39m[2m/src/pages/AssessmentWorkspacePage.tsx, /src/index.css[22m
[2m16:05:47[22m [36m[1m[vite][22m[39m [32mhmr update [39m[2m/src/pages/AssessmentWorkspacePage.tsx, /src/index.css[22m
[2m16:06:46[22m [36m[1m[vite][22m[39m [32mhmr update [39m[2m/src/components/navigation/Sidebar.tsx, /src/index.css[22m
[2m16:07:31[22m [36m[1m[vite][22m[39m [32mhmr update [39m[2m/src/pages/LoginPage.tsx, /src/index.css[22m
[2m16:07:40[22m [36m[1m[vite][22m[39m [32mhmr update [39m[2m/src/pages/AnalyticsDashboardPage.tsx, /src/index.css[22m
[2m16:07:46[22m [36m[1m[vite][22m[39m [32mhmr update [39m[2m/src/components/assessment/AssessmentRoundEditor.tsx, /src/index.css[22m
[2m16:08:01[22m [36m[1m[vite][22m[39m [32mhmr update [39m[2m/src/pages/SettingsPage.tsx, /src/index.css[22m
[2m16:08:07[22m [36m[1m[vite][22m[39m [32mhmr update [39m[2m/src/pages/FacilitiesPage.tsx, /src/index.css[22m
[2m16:08:46[22m [36m[1m[vite][22m[39m [32mhmr update [39m[2m/src/pages/FacilitiesPage.tsx, /src/index.css[22m
[2m16:09:31[22m [36m[1m[vite][22m[39m [32mhmr update [39m[2m/src/pages/IndicatorLibraryPage.tsx, /src/index.css[22m
[2m16:10:04[22m [36m[1m[vite][22m[39m [32mhmr update [39m[2m/src/pages/DashboardPage.tsx, /src/index.css[22m
[2m16:10:19[22m [36m[1m[vite][22m[39m [32mhmr update [39m[2m/src/pages/DashboardPage.tsx, /src/index.css[22m
[2m16:10:33[22m [36m[1m[vite][22m[39m [32mhmr update [39m[2m/src/pages/ReportDetailPage.tsx, /src/index.css[22m
[2m16:10:40[22m [36m[1m[vite][22m[39m [32mpage reload [39m[2msrc/lib/mock-data.ts[22m
[2m16:11:14[22m [36m[1m[vite][22m[39m [32mhmr update [39m[2m/src/pages/DashboardPage.tsx, /src/index.css[22m
[2m16:14:15[22m [36m[1m[vite][22m[39m [32mhmr update [39m[2m/src/components/assessment/Dhis2ValuePanel.tsx, /src/index.css[22m
[2m16:14:15[22m [36m[1m[vite][22m[39m [32mhmr update [39m[2m/src/pages/DashboardPage.tsx, /src/index.css[22m
[2m16:36:12[22m [36m[1m[vite][22m[39m [32mhmr update [39m[2m/src/pages/FacilitiesPage.tsx, /src/index.css[22m
[2m16:36:12[22m [36m[1m[vite][22m[39m [32mhmr update [39m[2m/src/pages/FacilitiesPage.tsx, /src/index.css[22m
[2m16:39:56[22m [36m[1m[vite][22m[39m [32mpage reload [39m[2msrc/types/index.ts[22m
[2m16:40:26[22m [36m[1m[vite][22m[39m [32mhmr update [39m[2m/src/components/assessment/AssessmentRoundEditor.tsx, /src/index.css[22m
[2m16:40:34[22m [36m[1m[vite][22m[39m [32mhmr update [39m[2m/src/components/assessment/AssessmentRoundEditor.tsx, /src/index.css[22m
[2m16:40:46[22m [36m[1m[vite][22m[39m [32mhmr update [39m[2m/src/pages/AssessmentRoundsPage.tsx, /src/index.css[22m
[2m16:41:08[22m [36m[1m[vite][22m[39m [32mhmr update [39m[2m/src/pages/DashboardPage.tsx, /src/index.css[22m
[2m16:46:25[22m [36m[1m[vite][22m[39m [32mhmr update [39m[2m/src/components/assessment/AssessmentRoundEditor.tsx, /src/index.css[22m
